<?xml version="1.0" encoding="utf-8"?><testsuites name="pytest tests"><testsuite name="pytest" errors="0" failures="0" skipped="5" tests="697" time="24.122" timestamp="2026-08-24T02:40:21.185931+05:30" hostname="Aanya"><testcase classname="tests.test_ai_graph.TestGraphConstruction" name="test_compiled_graph_has_linear_node_set" time="0.028" /><testcase classname="tests.test_ai_graph.TestGraphConstruction" name="test_agent_builds_from_settings" time="0.996" /><testcase classname="tests.test_ai_graph.TestGraphConstruction" name="test_result_model_is_json_serializable" time="0.002" /><testcase classname="tests.test_ai_graph.TestSingleToolQuestions" name="test_question_routes_to_selected_tool[What was my revenue this month?-plan0-revenue]" time="0.048" /><testcase classname="tests.test_ai_graph.TestSingleToolQuestions" name="test_question_routes_to_selected_tool[How is payment performance today?-plan1-payment_performance]" time="0.035" /><testcase classname="tests.test_ai_graph.TestSingleToolQuestions" name="test_question_routes_to_selected_tool[Did we issue refunds yesterday?-plan2-refunds]" time="0.047" /><testcase classname="tests.test_ai_graph.TestSingleToolQuestions" name="test_question_routes_to_selected_tool[How much money was settled?-plan3-settlements]" time="0.037" /><testcase classname="tests.test_ai_graph.TestSingleToolQuestions" name="test_question_routes_to_selected_tool[Is gross revenue trending up?-plan4-trends]" time="0.037" /><testcase classname="tests.test_ai_graph.TestSingleToolQuestions" name="test_question_routes_to_selected_tool[Give me a complete financial overview.-plan5-financial_summary]" time="0.040" /><testcase classname="tests.test_ai_graph.TestSingleToolQuestions" name="test_planner_receives_catalog_and_interpretation_gets_signals" time="0.035" /><testcase classname="tests.test_ai_graph.TestMultiToolQuestion" name="test_all_selected_tools_execute_and_results_stay_keyed_by_name" time="0.032" /><testcase classname="tests.test_ai_graph.TestMultiToolQuestion" name="test_tool_count_capped_at_limit" time="0.031" /><testcase classname="tests.test_ai_graph.TestPlannerSafety" name="test_unknown_llm_proposed_tool_is_dropped_not_executed" time="0.033" /><testcase classname="tests.test_ai_graph.TestPlannerSafety" name="test_non_dict_entries_and_arguments_filtered" time="0.033" /><testcase classname="tests.test_ai_graph.TestPlannerSafety" name="test_empty_or_malformed_plan_falls_back_to_keywords" time="0.031" /><testcase classname="tests.test_ai_graph.TestPlannerSafety" name="test_planner_llm_failure_uses_keyword_fallback" time="0.032" /><testcase classname="tests.test_ai_graph.TestPlannerSafety" name="test_keyword_rules_map_to_allowlist[how much was settled last week-expected0]" time="0.033" /><testcase classname="tests.test_ai_graph.TestPlannerSafety" name="test_keyword_rules_map_to_allowlist[did payments fail-expected1]" time="0.033" /><testcase classname="tests.test_ai_graph.TestPlannerSafety" name="test_keyword_rules_map_to_allowlist[give me an overall summary-expected2]" time="0.033" /><testcase classname="tests.test_ai_graph.TestPlannerSafety" name="test_keyword_rules_map_to_allowlist[what are my sales-expected3]" time="0.031" /><testcase classname="tests.test_ai_graph.TestPlannerSafety" name="test_keyword_rules_map_to_allowlist[explain my business-expected4]" time="0.031" /><testcase classname="tests.test_ai_graph.TestArgumentAndToolFailures" name="test_invalid_llm_arguments_become_per_tool_errors" time="0.034" /><testcase classname="tests.test_ai_graph.TestArgumentAndToolFailures" name="test_tool_engine_failure_is_contained" time="0.028" /><testcase classname="tests.test_ai_graph.TestArgumentAndToolFailures" name="test_unexpected_tool_exception_is_sanitized" time="0.032" /><testcase classname="tests.test_ai_graph.TestArgumentAndToolFailures" name="test_missing_session_fails_graph_without_executing_tools" time="0.029" /><testcase classname="tests.test_ai_graph.TestArgumentAndToolFailures" name="test_no_session_via_agent_marks_failed" time="0.028" /><testcase classname="tests.test_ai_graph.TestInterpretationFailure" name="test_llm_failure_keeps_raw_data_and_sets_partial" time="0.028" /><testcase classname="tests.test_ai_graph.TestInterpretationFailure" name="test_everything_failing_yields_failed_status" time="0.031" /><testcase classname="tests.test_ai_graph.TestMissingData" name="test_zero_degraded_envelopes_flow_through" time="0.029" /><testcase classname="tests.test_ai_graph.TestGrounding" name="test_interpretation_receives_exactly_the_tool_envelopes" time="0.030" /><testcase classname="tests.test_ai_graph.TestGrounding" name="test_tool_results_are_never_mutated_by_interpretation" time="0.030" /><testcase classname="tests.test_ai_graph.TestGrounding" name="test_state_transitions_are_visible_in_final_state" time="0.030" /><testcase classname="tests.test_ai_graph.TestStateSafety" name="test_final_state_is_json_serializable_and_session_free" time="0.030" /><testcase classname="tests.test_ai_graph.TestStateSafety" name="test_agent_result_round_trips_json" time="0.034" /><testcase classname="tests.test_ai_graph.TestStateSafety" name="test_identical_inputs_produce_identical_structures" time="0.052" /><testcase classname="tests.test_ai_graph.TestStateSafety" name="test_prompts_never_embed_secrets_or_env_values" time="0.008" /><testcase classname="tests.test_ai_graph.TestStateSafety" name="test_graph_modules_have_no_forbidden_capabilities" time="0.006" /><testcase classname="tests.test_ai_graph.TestStateSafety" name="test_only_registered_tools_are_callable_through_registry" time="0.002" /><testcase classname="tests.test_ai_graph.TestObservability" name="test_logs_record_lifecycle_without_secrets" time="0.032" /><testcase classname="tests.test_ai_graph.TestSignalAnalysisIntegration" name="test_analyze_signals_node_executes_and_emits_typed_dicts" time="0.001" /><testcase classname="tests.test_ai_graph.TestSignalAnalysisIntegration" name="test_analyze_signals_node_failure_is_safe" time="0.003" /><testcase classname="tests.test_ai_graph.TestSignalAnalysisIntegration" name="test_tool_results_reach_the_signal_analyzer" time="0.030" /><testcase classname="tests.test_ai_graph.TestSignalAnalysisIntegration" name="test_financial_signals_stored_in_state_and_reach_llm" time="0.030" /><testcase classname="tests.test_ai_graph.TestSignalAnalysisIntegration" name="test_graph_state_holds_serializable_signals" time="0.036" /><testcase classname="tests.test_ai_graph.TestSignalAnalysisIntegration" name="test_empty_signals_produce_no_fabricated_findings" time="0.034" /><testcase classname="tests.test_ai_graph.TestSignalAnalysisIntegration" name="test_signal_failure_does_not_lose_tool_data" time="0.031" /><testcase classname="tests.test_ai_graph.TestSignalAnalysisIntegration" name="test_graph_runs_analysis_before_interpretation" time="0.027" /><testcase classname="tests.test_ai_graph_reconciliation.TestRouting" name="test_keyword_fallback_routes_reconciliation_questions_exclusively" time="0.032" /><testcase classname="tests.test_ai_graph_reconciliation.TestRouting" name="test_keyword_rule_is_case_insensitive_and_self_contained[reconcile transactions]" time="0.031" /><testcase classname="tests.test_ai_graph_reconciliation.TestRouting" name="test_keyword_rule_is_case_insensitive_and_self_contained[can you reconcile this for me?]" time="0.031" /><testcase classname="tests.test_ai_graph_reconciliation.TestRouting" name="test_keyword_rule_is_case_insensitive_and_self_contained[RECONCILIATION report please]" time="0.034" /><testcase classname="tests.test_ai_graph_reconciliation.TestRouting" name="test_planner_selected_reconcile_passes_arguments_through" time="0.032" /><testcase classname="tests.test_ai_graph_reconciliation.TestRouting" name="test_planner_catalog_lists_the_tool_for_the_llm" time="0.030" /><testcase classname="tests.test_ai_graph_reconciliation.TestFactsChannel" name="test_envelope_reaches_interpretation_verbatim" time="0.031" /><testcase classname="tests.test_ai_graph_reconciliation.TestFactsChannel" name="test_no_financial_signals_are_fabricated_for_recon_envelopes" time="0.030" /><testcase classname="tests.test_ai_graph_reconciliation.TestFactsChannel" name="test_invalid_llm_arguments_surface_as_tool_errors" time="0.033" /><testcase classname="tests.test_ai_graph_reconciliation.TestSessionPolicy" name="test_reconcile_only_plan_runs_without_a_database_session" time="0.038" /><testcase classname="tests.test_ai_graph_reconciliation.TestSessionPolicy" name="test_db_backed_plan_still_halts_without_a_session" time="0.028" /><testcase classname="tests.test_ai_graph_reconciliation.TestSessionPolicy" name="test_mixed_plan_holds_when_a_selected_tool_needs_the_db" time="0.030" /><testcase classname="tests.test_ai_graph_reconciliation.TestRealSyntheticRun" name="test_keyword_routed_real_run_completes_with_honest_metrics" time="0.038" /><testcase classname="tests.test_ai_graph_reconciliation.TestRealSyntheticRun" name="test_explainer_failure_keeps_the_full_report" time="0.035" /><testcase classname="tests.test_ai_graph_reconciliation.TestRealSyntheticRun" name="test_unregistered_hostile_plan_never_executes_reconciliation" time="0.044" /><testcase classname="tests.test_ai_llm.TestConstruction" name="test_missing_api_key_is_rejected" time="0.003" /><testcase classname="tests.test_ai_llm.TestConstruction" name="test_blank_model_and_bad_knobs_are_rejected" time="0.001" /><testcase classname="tests.test_ai_llm.TestConstruction" name="test_from_settings_requires_key" time="0.004" /><testcase classname="tests.test_ai_llm.TestConstruction" name="test_from_settings_wires_configuration" time="0.819" /><testcase classname="tests.test_ai_llm.TestConstruction" name="test_context_manager_closes" time="0.002" /><testcase classname="tests.test_ai_llm.TestCompleteContract" name="test_sends_system_and_user_messages" time="0.002" /><testcase classname="tests.test_ai_llm.TestCompleteContract" name="test_system_prompt_override" time="0.002" /><testcase classname="tests.test_ai_llm.TestCompleteContract" name="test_default_prompt_forbids_llm_calculations" time="0.001" /><testcase classname="tests.test_ai_llm.TestStructuredSignals" name="test_signals_are_serialized_verbatim_and_deterministically" time="0.001" /><testcase classname="tests.test_ai_llm.TestStructuredSignals" name="test_question_is_appended_without_touching_numbers" time="0.001" /><testcase classname="tests.test_ai_llm.TestStructuredSignals" name="test_non_serializable_signals_are_rejected_cleanly" time="0.002" /><testcase classname="tests.test_ai_llm.TestJsonMode" name="test_returns_parsed_object" time="0.002" /><testcase classname="tests.test_ai_llm.TestJsonMode" name="test_non_json_content_raises_typed_error" time="0.002" /><testcase classname="tests.test_ai_llm.TestJsonMode" name="test_non_object_json_raises_typed_error" time="0.002" /><testcase classname="tests.test_ai_llm.TestResponseEdgeCases" name="test_empty_content_raises_typed_error" time="0.002" /><testcase classname="tests.test_ai_llm.TestResponseEdgeCases" name="test_no_choices_raises_typed_error" time="0.002" /><testcase classname="tests.test_ai_llm.TestErrorTranslation" name="test_sdk_errors_surface_as_typed_llm_errors[provider_error0-LLMAuthenticationError]" time="0.002" /><testcase classname="tests.test_ai_llm.TestErrorTranslation" name="test_sdk_errors_surface_as_typed_llm_errors[provider_error1-LLMAuthenticationError]" time="0.002" /><testcase classname="tests.test_ai_llm.TestErrorTranslation" name="test_sdk_errors_surface_as_typed_llm_errors[provider_error2-LLMRateLimitError]" time="0.002" /><testcase classname="tests.test_ai_llm.TestErrorTranslation" name="test_sdk_errors_surface_as_typed_llm_errors[provider_error3-LLMServerError]" time="0.002" /><testcase classname="tests.test_ai_llm.TestErrorTranslation" name="test_sdk_errors_surface_as_typed_llm_errors[provider_error4-LLMBadRequestError]" time="0.002" /><testcase classname="tests.test_ai_llm.TestErrorTranslation" name="test_sdk_errors_surface_as_typed_llm_errors[provider_error5-LLMBadRequestError]" time="0.001" /><testcase classname="tests.test_ai_llm.TestErrorTranslation" name="test_sdk_errors_surface_as_typed_llm_errors[provider_error6-LLMConnectionError]" time="0.002" /><testcase classname="tests.test_ai_llm.TestErrorTranslation" name="test_sdk_errors_surface_as_typed_llm_errors[provider_error7-LLMConnectionError]" time="0.002" /><testcase classname="tests.test_ai_llm.TestErrorTranslation" name="test_error_messages_never_contain_the_key" time="0.002" /><testcase classname="tests.test_ai_llm" name="test_live_completion_when_enabled" time="0.004"><skipped type="pytest.skip" message="Live LLM check disabled (set RECONAGENT_LLM_LIVE_TEST=1 and LLM_API_KEY to enable)">C:\Users\Aanya Aggarwal\Downloads\razorpay\backend\tests\test_ai_llm.py:310: Live LLM check disabled (set RECONAGENT_LLM_LIVE_TEST=1 and LLM_API_KEY to enable)</skipped></testcase><testcase classname="tests.test_ai_tools_reconciliation.TestRegistryIntegration" name="test_tool_is_registered_under_stable_name" time="0.001" /><testcase classname="tests.test_ai_tools_reconciliation.TestRegistryIntegration" name="test_lookup_by_name" time="0.001" /><testcase classname="tests.test_ai_tools_reconciliation.TestSessionPolicy" name="test_reconciliation_needs_no_database_session" time="0.005" /><testcase classname="tests.test_ai_tools_reconciliation.TestSessionPolicy" name="test_database_backed_tools_still_require_a_session" time="0.002" /><testcase classname="tests.test_ai_tools_reconciliation.TestInputValidation" name="test_invalid_inputs_are_rejected[payload0]" time="0.002" /><testcase classname="tests.test_ai_tools_reconciliation.TestInputValidation" name="test_invalid_inputs_are_rejected[payload1]" time="0.004" /><testcase classname="tests.test_ai_tools_reconciliation.TestInputValidation" name="test_invalid_inputs_are_rejected[payload2]" time="0.002" /><testcase classname="tests.test_ai_tools_reconciliation.TestInputValidation" name="test_invalid_inputs_are_rejected[payload3]" time="0.002" /><testcase classname="tests.test_ai_tools_reconciliation.TestInputValidation" name="test_invalid_inputs_are_rejected[payload4]" time="0.002" /><testcase classname="tests.test_ai_tools_reconciliation.TestInputValidation" name="test_defaults_match_the_track_04_batch" time="0.001" /><testcase classname="tests.test_ai_tools_reconciliation.TestEnvelopeContract" name="test_envelope_is_json_safe_and_fully_populated" time="0.005" /><testcase classname="tests.test_ai_tools_reconciliation.TestEnvelopeContract" name="test_exception_entries_carry_required_fields" time="0.004" /><testcase classname="tests.test_ai_tools_reconciliation.TestEnvelopeContract" name="test_no_ground_truth_ever_leaks_into_the_envelope" time="0.005" /><testcase classname="tests.test_ai_tools_reconciliation.TestDeterminismThroughTool" name="test_identical_arguments_produce_identical_metrics" time="0.009" /><testcase classname="tests.test_ai_tools_reconciliation.TestDeterminismThroughTool" name="test_different_seed_changes_the_case_mix_placement" time="0.007" /><testcase classname="tests.test_ai_tools_reconciliation.TestPlannerVisibility" name="test_catalog_exposes_the_tool_with_argument_schema" time="0.008" /><testcase classname="tests.test_api_ai_chat.TestChatEndpointHappyPath" name="test_question_returns_grounded_answer_and_exact_numbers" time="0.250" /><testcase classname="tests.test_api_ai_chat.TestChatEndpointHappyPath" name="test_partial_status_when_interpretation_fails" time="0.090" /><testcase classname="tests.test_api_ai_chat.TestChatEndpointHappyPath" name="test_graph_failed_outcome_maps_to_structured_response" time="0.034" /><testcase classname="tests.test_api_ai_chat.TestChatEndpointHappyPath" name="test_keyword_fallback_still_answers_when_planner_llm_down" time="0.083" /><testcase classname="tests.test_api_ai_chat.TestChatRequestValidation" name="test_invalid_questions_yield_422[payload0]" time="0.051" /><testcase classname="tests.test_api_ai_chat.TestChatRequestValidation" name="test_invalid_questions_yield_422[payload1]" time="0.056" /><testcase classname="tests.test_api_ai_chat.TestChatRequestValidation" name="test_invalid_questions_yield_422[payload2]" time="0.052" /><testcase classname="tests.test_api_ai_chat.TestChatRequestValidation" name="test_invalid_questions_yield_422[payload3]" time="0.057" /><testcase classname="tests.test_api_ai_chat.TestChatRequestValidation" name="test_invalid_questions_yield_422[payload4]" time="0.055" /><testcase classname="tests.test_api_ai_chat.TestChatRequestValidation" name="test_surrounding_whitespace_is_trimmed_not_rejected" time="0.100" /><testcase classname="tests.test_api_ai_chat.TestUnconfiguredDependencies" name="test_missing_llm_key_answers_503_with_actionable_detail" time="0.035" /><testcase classname="tests.test_api_ai_chat.TestUnconfiguredDependencies" name="test_unconfigured_database_answers_503" time="0.016" /><testcase classname="tests.test_api_ai_chat.TestContractAndSecurity" name="test_openapi_documents_the_route_and_schema" time="0.370" /><testcase classname="tests.test_api_ai_chat.TestContractAndSecurity" name="test_response_never_contains_secret_material" time="0.092" /><testcase classname="tests.test_api_ai_chat.TestContractAndSecurity" name="test_answer_is_words_only_while_numbers_stay_in_tool_results" time="0.082" /><testcase classname="tests.test_api_ai_chat.TestAgentLifecycle" name="test_reset_ai_agent_closes_and_discards_singleton" time="0.019" /><testcase classname="tests.test_api_ai_chat.TestAgentLifecycle" name="test_get_ai_agent_builds_once_and_reuses" time="1.634" /><testcase classname="tests.test_api_ai_reconcile.TestReconcileEndpointHappyPath" name="test_default_batch_returns_exact_engine_metrics" time="0.050" /><testcase classname="tests.test_api_ai_reconcile.TestReconcileEndpointHappyPath" name="test_exception_list_matches_breakdown_and_carries_fields" time="0.389" /><testcase classname="tests.test_api_ai_reconcile.TestReconcileEndpointHappyPath" name="test_explain_false_skips_the_llm_entirely" time="0.041" /><testcase classname="tests.test_api_ai_reconcile.TestReconcileEndpointHappyPath" name="test_focus_question_is_forwarded_to_the_narrative_step" time="0.045" /><testcase classname="tests.test_api_ai_reconcile.TestDegradationAndConfig" name="test_llm_failure_degrades_to_partial_with_facts_intact" time="0.046" /><testcase classname="tests.test_api_ai_reconcile.TestDegradationAndConfig" name="test_missing_llm_key_answers_503_when_explanation_requested" time="0.022" /><testcase classname="tests.test_api_ai_reconcile.TestDegradationAndConfig" name="test_missing_llm_key_still_serves_facts_without_explanation" time="0.028" /><testcase classname="tests.test_api_ai_reconcile.TestDegradationAndConfig" name="test_endpoint_never_touches_the_database" time="0.043" /><testcase classname="tests.test_api_ai_reconcile.TestRequestValidation" name="test_invalid_requests_yield_422[payload0]" time="0.017" /><testcase classname="tests.test_api_ai_reconcile.TestRequestValidation" name="test_invalid_requests_yield_422[payload1]" time="0.017" /><testcase classname="tests.test_api_ai_reconcile.TestRequestValidation" name="test_invalid_requests_yield_422[payload2]" time="0.016" /><testcase classname="tests.test_api_ai_reconcile.TestRequestValidation" name="test_invalid_requests_yield_422[payload3]" time="0.017" /><testcase classname="tests.test_api_ai_reconcile.TestRequestValidation" name="test_invalid_requests_yield_422[payload4]" time="0.015" /><testcase classname="tests.test_api_ai_reconcile.TestRequestValidation" name="test_invalid_requests_yield_422[payload5]" time="0.017" /><testcase classname="tests.test_api_ai_reconcile.TestRequestValidation" name="test_invalid_requests_yield_422[payload6]" time="0.016" /><testcase classname="tests.test_api_ai_reconcile.TestRequestValidation" name="test_defaults_run_the_canonical_track_04_batch" time="0.042" /><testcase classname="tests.test_api_ai_reconcile.TestContractAndSecurity" name="test_openapi_documents_the_route_and_nullable_accuracy" time="0.021" /><testcase classname="tests.test_api_ai_reconcile.TestContractAndSecurity" name="test_response_never_contains_secrets_or_ground_truth" time="0.043" /><testcase classname="tests.test_api_ai_reconcile.TestContractAndSecurity" name="test_identical_requests_produce_identical_reports" time="0.046" /><testcase classname="tests.test_api_finance.TestSummaryEndpoint" name="test_summary_shape_and_exact_amounts" time="0.076" /><testcase classname="tests.test_api_finance.TestSummaryEndpoint" name="test_summary_window_filter" time="0.079" /><testcase classname="tests.test_api_finance.TestSummaryEndpoint" name="test_invalid_range_is_422_not_500" time="0.031" /><testcase classname="tests.test_api_finance.TestSummaryEndpoint" name="test_bad_date_format_is_422" time="0.032" /><testcase classname="tests.test_api_finance.TestListEndpoints" name="test_payments_page_contract" time="0.053" /><testcase classname="tests.test_api_finance.TestListEndpoints" name="test_refunds_orders_settlements_pages" time="0.077" /><testcase classname="tests.test_api_finance.TestListEndpoints" name="test_pagination_bounds_validated" time="0.045" /><testcase classname="tests.test_api_finance.TestListEndpoints" name="test_empty_database_returns_empty_pages_not_errors" time="0.081" /><testcase classname="tests.test_api_finance.TestUnconfiguredDatabase" name="test_missing_database_url_yields_503" time="0.019" /><testcase classname="tests.test_api_finance.TestMetricEndpoints" name="test_payment_performance_named_period" time="0.081" /><testcase classname="tests.test_api_finance.TestMetricEndpoints" name="test_payment_performance_rejects_unknown_period" time="0.036" /><testcase classname="tests.test_api_finance.TestMetricEndpoints" name="test_revenue_endpoint_exact_variants" time="0.073" /><testcase classname="tests.test_api_finance.TestMetricEndpoints" name="test_trend_endpoint_contract_and_validation" time="0.071" /><testcase classname="tests.test_api_finance.TestMetricEndpoints" name="test_trend_endpoint_rejects_unknown_metric_and_granularity" time="0.037" /><testcase classname="tests.test_api_finance.TestMetricEndpoints" name="test_metric_endpoints_require_database" time="0.027" /><testcase classname="tests.test_api_finance.TestOpenApiDocumentation" name="test_all_finance_routes_documented" time="0.025" /><testcase classname="tests.test_api_payments.TestListPaymentsService" name="test_successful_page_normalized" time="0.005" /><testcase classname="tests.test_api_payments.TestListPaymentsService" name="test_pagination_params_passed_through" time="0.003" /><testcase classname="tests.test_api_payments.TestListPaymentsService" name="test_sequential_pages_are_independent" time="0.005" /><testcase classname="tests.test_api_payments.TestListPaymentsService" name="test_empty_collection" time="0.003" /><testcase classname="tests.test_api_payments.TestListPaymentsService" name="test_uncaptured_payment_has_no_fee" time="0.003" /><testcase classname="tests.test_api_payments.TestListPaymentsService" name="test_typed_failures_propagate[401-RazorpayAuthenticationError]" time="0.003" /><testcase classname="tests.test_api_payments.TestListPaymentsService" name="test_typed_failures_propagate[403-RazorpayAuthenticationError]" time="0.005" /><testcase classname="tests.test_api_payments.TestListPaymentsService" name="test_typed_failures_propagate[429-RazorpayRateLimitError]" time="0.003" /><testcase classname="tests.test_api_payments.TestListPaymentsService" name="test_out_of_bounds_count_rejected_locally" time="0.002" /><testcase classname="tests.test_api_payments.TestPaymentsEndpointSuccess" name="test_returns_normalized_payments" time="0.025" /><testcase classname="tests.test_api_payments.TestPaymentsEndpointSuccess" name="test_query_filters_forwarded_to_provider" time="0.017" /><testcase classname="tests.test_api_payments.TestPaymentsEndpointSuccess" name="test_empty_collection_returns_empty_items" time="0.019" /><testcase classname="tests.test_api_payments.TestPaymentsEndpointFailures" name="test_authentication_errors_sanitized_502[401]" time="0.018" /><testcase classname="tests.test_api_payments.TestPaymentsEndpointFailures" name="test_authentication_errors_sanitized_502[403]" time="0.016" /><testcase classname="tests.test_api_payments.TestPaymentsEndpointFailures" name="test_rate_limit_structured_503" time="0.019" /><testcase classname="tests.test_api_payments.TestPaymentsEndpointFailures" name="test_server_error_structured_502" time="0.015" /><testcase classname="tests.test_api_payments.TestPaymentsEndpointFailures" name="test_not_found_passthrough_404" time="0.013" /><testcase classname="tests.test_api_payments.TestPaymentsEndpointFailures" name="test_upstream_validation_structured_502" time="0.014" /><testcase classname="tests.test_api_payments.TestPaymentsEndpointFailures" name="test_network_failures_structured_504[transport_exc0]" time="0.015" /><testcase classname="tests.test_api_payments.TestPaymentsEndpointFailures" name="test_network_failures_structured_504[transport_exc1]" time="0.017" /><testcase classname="tests.test_api_payments.TestPaymentsEndpointFailures" name="test_malformed_json_structured_502" time="0.015" /><testcase classname="tests.test_api_payments.TestPaymentsEndpointFailures" name="test_wrong_shape_payload_structured_502" time="0.014" /><testcase classname="tests.test_api_payments.TestPaymentsEndpointFailures" name="test_missing_credentials_structured_503" time="0.016" /><testcase classname="tests.test_api_payments.TestPaymentsParameterValidation" name="test_invalid_queries_yield_422_without_upstream_call[?count=0]" time="0.014" /><testcase classname="tests.test_api_payments.TestPaymentsParameterValidation" name="test_invalid_queries_yield_422_without_upstream_call[?count=101]" time="0.012" /><testcase classname="tests.test_api_payments.TestPaymentsParameterValidation" name="test_invalid_queries_yield_422_without_upstream_call[?skip=-1]" time="0.012" /><testcase classname="tests.test_api_payments.TestPaymentsParameterValidation" name="test_invalid_queries_yield_422_without_upstream_call[?skip=10001]" time="0.012" /><testcase classname="tests.test_api_payments.TestPaymentsParameterValidation" name="test_invalid_queries_yield_422_without_upstream_call[?from=946684799]" time="0.011" /><testcase classname="tests.test_api_payments.TestPaymentsParameterValidation" name="test_invalid_queries_yield_422_without_upstream_call[?to=4765046401]" time="0.013" /><testcase classname="tests.test_api_payments.TestPaymentsParameterValidation" name="test_invalid_queries_yield_422_without_upstream_call[?from=1755993600&amp;to=1755907200]" time="0.013" /><testcase classname="tests.test_api_payments.TestPaymentsOpenApi" name="test_path_and_failure_responses_documented" time="0.013" /><testcase classname="tests.test_api_payments.TestPaymentsOpenApi" name="test_response_schema_exposes_no_credential_fields" time="0.013" /><testcase classname="tests.test_api_settlements.TestListSettlementsService" name="test_successful_page_normalized" time="0.004" /><testcase classname="tests.test_api_settlements.TestListSettlementsService" name="test_pagination_params_passed_through" time="0.003" /><testcase classname="tests.test_api_settlements.TestListSettlementsService" name="test_sequential_pages_are_independent" time="0.004" /><testcase classname="tests.test_api_settlements.TestListSettlementsService" name="test_empty_collection" time="0.002" /><testcase classname="tests.test_api_settlements.TestListSettlementsService" name="test_missing_fees_tax_default_to_zero" time="0.002" /><testcase classname="tests.test_api_settlements.TestListSettlementsService" name="test_typed_failures_propagate[401-RazorpayAuthenticationError]" time="0.004" /><testcase classname="tests.test_api_settlements.TestListSettlementsService" name="test_typed_failures_propagate[403-RazorpayAuthenticationError]" time="0.003" /><testcase classname="tests.test_api_settlements.TestListSettlementsService" name="test_typed_failures_propagate[429-RazorpayRateLimitError]" time="0.004" /><testcase classname="tests.test_api_settlements.TestListSettlementsService" name="test_out_of_bounds_skip_rejected_locally" time="0.002" /><testcase classname="tests.test_api_settlements.TestSettlementsEndpointSuccess" name="test_returns_normalized_settlements" time="0.018" /><testcase classname="tests.test_api_settlements.TestSettlementsEndpointSuccess" name="test_query_filters_forwarded_to_provider" time="0.015" /><testcase classname="tests.test_api_settlements.TestSettlementsEndpointSuccess" name="test_empty_collection_returns_empty_items" time="0.015" /><testcase classname="tests.test_api_settlements.TestSettlementsEndpointFailures" name="test_authentication_errors_sanitized_502[401]" time="0.017" /><testcase classname="tests.test_api_settlements.TestSettlementsEndpointFailures" name="test_authentication_errors_sanitized_502[403]" time="0.015" /><testcase classname="tests.test_api_settlements.TestSettlementsEndpointFailures" name="test_rate_limit_structured_503" time="0.015" /><testcase classname="tests.test_api_settlements.TestSettlementsEndpointFailures" name="test_server_error_structured_502" time="0.014" /><testcase classname="tests.test_api_settlements.TestSettlementsEndpointFailures" name="test_not_found_passthrough_404" time="0.015" /><testcase classname="tests.test_api_settlements.TestSettlementsEndpointFailures" name="test_upstream_validation_structured_502" time="0.015" /><testcase classname="tests.test_api_settlements.TestSettlementsEndpointFailures" name="test_network_failures_structured_504[transport_exc0]" time="0.014" /><testcase classname="tests.test_api_settlements.TestSettlementsEndpointFailures" name="test_network_failures_structured_504[transport_exc1]" time="0.016" /><testcase classname="tests.test_api_settlements.TestSettlementsEndpointFailures" name="test_malformed_json_structured_502" time="0.016" /><testcase classname="tests.test_api_settlements.TestSettlementsEndpointFailures" name="test_wrong_shape_payload_structured_502" time="0.015" /><testcase classname="tests.test_api_settlements.TestSettlementsEndpointFailures" name="test_missing_credentials_structured_503" time="0.016" /><testcase classname="tests.test_api_settlements.TestSettlementsParameterValidation" name="test_invalid_queries_yield_422_without_upstream_call[?count=0]" time="0.012" /><testcase classname="tests.test_api_settlements.TestSettlementsParameterValidation" name="test_invalid_queries_yield_422_without_upstream_call[?count=101]" time="0.013" /><testcase classname="tests.test_api_settlements.TestSettlementsParameterValidation" name="test_invalid_queries_yield_422_without_upstream_call[?skip=-1]" time="0.012" /><testcase classname="tests.test_api_settlements.TestSettlementsParameterValidation" name="test_invalid_queries_yield_422_without_upstream_call[?skip=10001]" time="0.014" /><testcase classname="tests.test_api_settlements.TestSettlementsParameterValidation" name="test_invalid_queries_yield_422_without_upstream_call[?from=946684799]" time="0.012" /><testcase classname="tests.test_api_settlements.TestSettlementsParameterValidation" name="test_invalid_queries_yield_422_without_upstream_call[?to=4765046401]" time="0.012" /><testcase classname="tests.test_api_settlements.TestSettlementsParameterValidation" name="test_invalid_queries_yield_422_without_upstream_call[?from=1755993600&amp;to=1755907200]" time="0.014" /><testcase classname="tests.test_api_settlements.TestSettlementsOpenApi" name="test_path_and_failure_responses_documented" time="0.013" /><testcase classname="tests.test_api_settlements.TestSettlementsOpenApi" name="test_response_schema_exposes_no_credential_fields" time="0.012" /><testcase classname="tests.test_api_sync.TestTriggerEndpoint" name="test_successful_run_returns_summary" time="0.085" /><testcase classname="tests.test_api_sync.TestTriggerEndpoint" name="test_partial_failure_surfaced_with_payments_kept" time="0.058" /><testcase classname="tests.test_api_sync.TestTriggerEndpoint" name="test_total_failure_maps_to_502" time="0.043" /><testcase classname="tests.test_api_sync.TestStatusEndpoint" name="test_missing_run_is_404" time="0.036" /><testcase classname="tests.test_api_sync.TestStatusEndpoint" name="test_run_metadata_roundtrip" time="0.065" /><testcase classname="tests.test_api_sync.TestUnconfiguredEnvironment" name="test_missing_credentials_and_database_yield_503" time="0.006" /><testcase classname="tests.test_app.TestStartup" name="test_lifespan_startup_and_shutdown" time="0.021" /><testcase classname="tests.test_app.TestStartup" name="test_create_app_is_idempotent" time="0.005" /><testcase classname="tests.test_app.TestOpenAPIDocs" name="test_openapi_schema_served" time="0.019" /><testcase classname="tests.test_app.TestOpenAPIDocs" name="test_swagger_ui_served" time="0.029" /><testcase classname="tests.test_app.TestOpenAPIDocs" name="test_redoc_served" time="0.012" /><testcase classname="tests.test_app.TestCors" name="test_preflight_allows_configured_origin" time="0.018" /><testcase classname="tests.test_app.TestCors" name="test_actual_request_echoes_configured_origin" time="0.019" /><testcase classname="tests.test_app.TestCors" name="test_unknown_origin_is_not_allowed" time="0.019" /><testcase classname="tests.test_app.TestCors" name="test_cors_origins_come_from_settings" time="0.004" /><testcase classname="tests.test_config.TestDefaults" name="test_future_credentials_are_optional" time="0.004" /><testcase classname="tests.test_config.TestDefaults" name="test_environment_defaults_to_development" time="0.003" /><testcase classname="tests.test_config.TestDefaults" name="test_cors_defaults_to_frontend_origin" time="0.003" /><testcase classname="tests.test_config.TestDefaults" name="test_app_metadata" time="0.004" /><testcase classname="tests.test_config.TestEnvOverrides" name="test_database_url_override" time="0.004" /><testcase classname="tests.test_config.TestEnvOverrides" name="test_cors_origins_comma_separated[http://localhost:5173,http://localhost:3000]" time="0.003" /><testcase classname="tests.test_config.TestEnvOverrides" name="test_cors_origins_comma_separated[ http://localhost:5173 , http://localhost:3000 ]" time="0.004" /><testcase classname="tests.test_config.TestEnvOverrides" name="test_invalid_environment_rejected" time="0.004" /><testcase classname="tests.test_config.TestEnvOverrides" name="test_extra_env_vars_ignored" time="0.005" /><testcase classname="tests.test_config.TestSecretHandling" name="test_secrets_are_masked_in_repr" time="0.005" /><testcase classname="tests.test_config.TestSecretHandling" name="test_secret_value_accessible_internally" time="0.003" /><testcase classname="tests.test_config.TestLLMConfiguration" name="test_defaults" time="0.004" /><testcase classname="tests.test_config.TestLLMConfiguration" name="test_key_and_model_overrides" time="0.004" /><testcase classname="tests.test_config.TestLLMConfiguration" name="test_blank_api_key_is_unconfigured[]" time="0.005" /><testcase classname="tests.test_config.TestLLMConfiguration" name="test_blank_api_key_is_unconfigured[   ]" time="0.004" /><testcase classname="tests.test_config.TestLLMConfiguration" name="test_blank_model_falls_back_to_default[]" time="0.004" /><testcase classname="tests.test_config.TestLLMConfiguration" name="test_blank_model_falls_back_to_default[   ]" time="0.004" /><testcase classname="tests.test_config.TestLLMConfiguration" name="test_base_url_override_normalizes_trailing_slash" time="0.004" /><testcase classname="tests.test_config.TestLLMConfiguration" name="test_insecure_or_invalid_base_url_rejected[http://llm.example.com/v1]" time="0.004" /><testcase classname="tests.test_config.TestLLMConfiguration" name="test_insecure_or_invalid_base_url_rejected[ftp://llm.example.com/v1]" time="0.004" /><testcase classname="tests.test_config.TestLLMConfiguration" name="test_insecure_or_invalid_base_url_rejected[llm.example.com/v1]" time="0.004" /><testcase classname="tests.test_config.TestLLMConfiguration" name="test_blank_base_url_is_unset_not_invalid" time="0.003" /><testcase classname="tests.test_config.TestLLMConfiguration" name="test_timeout_override" time="0.004" /><testcase classname="tests.test_config.TestLLMConfiguration" name="test_non_positive_or_invalid_timeout_rejected[0]" time="0.004" /><testcase classname="tests.test_config.TestLLMConfiguration" name="test_non_positive_or_invalid_timeout_rejected[-1]" time="0.004" /><testcase classname="tests.test_config.TestLLMConfiguration" name="test_non_positive_or_invalid_timeout_rejected[not-a-number]" time="0.004" /><testcase classname="tests.test_config.TestLLMConfiguration" name="test_non_positive_or_invalid_timeout_rejected[]" time="0.003" /><testcase classname="tests.test_config.TestLLMConfiguration" name="test_max_retries_override" time="0.004" /><testcase classname="tests.test_config.TestLLMConfiguration" name="test_zero_max_retries_disables_retries" time="0.004" /><testcase classname="tests.test_config.TestLLMConfiguration" name="test_invalid_max_retries_rejected[-1]" time="0.005" /><testcase classname="tests.test_config.TestLLMConfiguration" name="test_invalid_max_retries_rejected[11]" time="0.004" /><testcase classname="tests.test_config.TestLLMConfiguration" name="test_invalid_max_retries_rejected[not-a-number]" time="0.004" /><testcase classname="tests.test_config.TestLLMConfiguration" name="test_max_retries_upper_bound_constant_matches_validator" time="0.001" /><testcase classname="tests.test_config.TestLLMConfiguration" name="test_key_masked_in_repr" time="0.003" /><testcase classname="tests.test_config.TestLLMConfiguration" name="test_key_absent_from_validation_errors" time="0.004" /><testcase classname="tests.test_config.TestLLMConfiguration" name="test_production_requires_api_key" time="0.004" /><testcase classname="tests.test_config.TestRazorpayConfiguration" name="test_default_base_url_and_timeout" time="0.002" /><testcase classname="tests.test_config.TestRazorpayConfiguration" name="test_default_constants_are_secure" time="0.001" /><testcase classname="tests.test_config.TestRazorpayConfiguration" name="test_valid_configuration_loads" time="0.004" /><testcase classname="tests.test_config.TestRazorpayConfiguration" name="test_missing_credentials_are_unconfigured" time="0.003" /><testcase classname="tests.test_config.TestRazorpayConfiguration" name="test_blank_or_partial_credentials_are_unconfigured[rzp_test_abc-None]" time="0.005" /><testcase classname="tests.test_config.TestRazorpayConfiguration" name="test_blank_or_partial_credentials_are_unconfigured[None-some-secret]" time="0.004" /><testcase classname="tests.test_config.TestRazorpayConfiguration" name="test_blank_or_partial_credentials_are_unconfigured[-]" time="0.005" /><testcase classname="tests.test_config.TestRazorpayConfiguration" name="test_blank_or_partial_credentials_are_unconfigured[   -some-secret]" time="0.004" /><testcase classname="tests.test_config.TestRazorpayConfiguration" name="test_base_url_override_normalizes_trailing_slash" time="0.004" /><testcase classname="tests.test_config.TestRazorpayConfiguration" name="test_timeout_override" time="0.004" /><testcase classname="tests.test_config.TestRazorpayConfiguration" name="test_insecure_or_invalid_base_url_rejected[http://api.razorpay.com/v1]" time="0.005" /><testcase classname="tests.test_config.TestRazorpayConfiguration" name="test_insecure_or_invalid_base_url_rejected[ftp://api.razorpay.com/v1]" time="0.005" /><testcase classname="tests.test_config.TestRazorpayConfiguration" name="test_insecure_or_invalid_base_url_rejected[api.razorpay.com/v1]" time="0.004" /><testcase classname="tests.test_config.TestRazorpayConfiguration" name="test_insecure_or_invalid_base_url_rejected[]" time="0.004" /><testcase classname="tests.test_config.TestRazorpayConfiguration" name="test_non_positive_or_invalid_timeout_rejected[0]" time="0.004" /><testcase classname="tests.test_config.TestRazorpayConfiguration" name="test_non_positive_or_invalid_timeout_rejected[-1]" time="0.004" /><testcase classname="tests.test_config.TestRazorpayConfiguration" name="test_non_positive_or_invalid_timeout_rejected[not-a-number]" time="0.005" /><testcase classname="tests.test_config.TestRazorpayConfiguration" name="test_non_positive_or_invalid_timeout_rejected[]" time="0.004" /><testcase classname="tests.test_config.TestRazorpayConfiguration" name="test_default_max_retries_is_bounded_and_sane" time="0.004" /><testcase classname="tests.test_config.TestRazorpayConfiguration" name="test_max_retries_override" time="0.004" /><testcase classname="tests.test_config.TestRazorpayConfiguration" name="test_zero_max_retries_disables_retries" time="0.004" /><testcase classname="tests.test_config.TestRazorpayConfiguration" name="test_invalid_max_retries_rejected[-1]" time="0.004" /><testcase classname="tests.test_config.TestRazorpayConfiguration" name="test_invalid_max_retries_rejected[11]" time="0.004" /><testcase classname="tests.test_config.TestRazorpayConfiguration" name="test_invalid_max_retries_rejected[not-a-number]" time="0.005" /><testcase classname="tests.test_config.TestRazorpaySecretSafety" name="test_key_secret_masked_in_repr_and_str" time="0.005" /><testcase classname="tests.test_config.TestRazorpaySecretSafety" name="test_key_secret_absent_from_validation_errors" time="0.002" /><testcase classname="tests.test_config.TestRazorpaySecretSafety" name="test_key_id_is_not_treated_as_a_secret" time="0.002" /><testcase classname="tests.test_config.TestConfigurationIssues" name="test_no_issues_for_clean_development_config" time="0.002" /><testcase classname="tests.test_config.TestConfigurationIssues" name="test_flags_non_postgres_database_url" time="0.003" /><testcase classname="tests.test_config.TestConfigurationIssues" name="test_accepts_postgres_schemes" time="0.007" /><testcase classname="tests.test_config.TestConfigurationIssues" name="test_accepts_driver_qualified_postgres_url" time="0.004" /><testcase classname="tests.test_config.TestConfigurationIssues" name="test_database_url_supported_flags_bad_scheme" time="0.004" /><testcase classname="tests.test_config.TestConfigurationIssues" name="test_database_url_supported_when_unset" time="0.004" /><testcase classname="tests.test_config.TestCachedSettings" name="test_get_settings_is_cached" time="0.004" /><testcase classname="tests.test_db.TestEngine" name="test_engine_initializes_from_database_url" time="0.062" /><testcase classname="tests.test_db.TestEngine" name="test_engine_requires_configuration" time="0.006" /><testcase classname="tests.test_db.TestEngine" name="test_reset_engine_disposes_and_allows_recreation" time="0.006" /><testcase classname="tests.test_db.TestSessionDependency" name="test_get_db_yields_session_and_closes_it" time="0.006" /><testcase classname="tests.test_db.TestSessionDependency" name="test_sessions_are_not_shared_between_requests" time="0.006" /><testcase classname="tests.test_db.TestSessionDependency" name="test_get_db_rolls_back_on_consumer_exception" time="0.006" /><testcase classname="tests.test_db.TestConnectivityProbe" name="test_probe_returns_false_when_unreachable" time="2.097" /><testcase classname="tests.test_db.TestConnectivityProbe" name="test_probe_returns_true_against_real_postgres" time="0.001"><skipped type="pytest.skip" message="RECONAGENT_TEST_DATABASE_URL not set; requires a running PostgreSQL">C:\Users\Aanya Aggarwal\Downloads\razorpay\backend\tests\test_db.py:140: RECONAGENT_TEST_DATABASE_URL not set; requires a running PostgreSQL</skipped></testcase><testcase classname="tests.test_db.TestConnectivityProbe" name="test_failure_logs_do_not_contain_credentials" time="2.063" /><testcase classname="tests.test_db.TestReadinessDatabaseAwareness" name="test_readiness_reports_available_when_database_reachable" time="0.030" /><testcase classname="tests.test_db.TestReadinessDatabaseAwareness" name="test_readiness_sanitized_when_database_unreachable" time="0.025" /><testcase classname="tests.test_db.TestReadinessDatabaseAwareness" name="test_health_remains_ok_when_database_down" time="0.027" /><testcase classname="tests.test_db.TestReadinessDatabaseAwareness" name="test_readiness_not_configured_without_database_url" time="0.029" /><testcase classname="tests.test_db.TestRealPostgresIntegration" name="test_get_db_executes_query_end_to_end" time="0.001"><skipped type="pytest.skip" message="RECONAGENT_TEST_DATABASE_URL not set; requires a running PostgreSQL">C:\Users\Aanya Aggarwal\Downloads\razorpay\backend\tests\test_db.py:205: RECONAGENT_TEST_DATABASE_URL not set; requires a running PostgreSQL</skipped></testcase><testcase classname="tests.test_finance_tools.TestVocabularySync" name="test_period_names_match_engine_presets" time="0.002" /><testcase classname="tests.test_finance_tools.TestVocabularySync" name="test_granularities_match_engine_presets" time="0.001" /><testcase classname="tests.test_finance_tools.TestVocabularySync" name="test_trend_metrics_match_engine_extractors" time="0.001" /><testcase classname="tests.test_finance_tools.TestVocabularySync" name="test_default_currency_matches_finance_api" time="0.001" /><testcase classname="tests.test_finance_tools.TestRegistry" name="test_seven_tools_with_unique_stable_names" time="0.002" /><testcase classname="tests.test_finance_tools.TestRegistry" name="test_lookup_roundtrip_and_metadata" time="0.001" /><testcase classname="tests.test_finance_tools.TestRegistry" name="test_unknown_tool_is_typed_error" time="0.001" /><testcase classname="tests.test_finance_tools.TestRevenueTool" name="test_calls_service_once_with_resolved_window_and_currency" time="0.003" /><testcase classname="tests.test_finance_tools.TestRevenueTool" name="test_envelope_echoes_period_and_verbatim_data" time="0.002" /><testcase classname="tests.test_finance_tools.TestRevenueTool" name="test_output_is_json_serializable" time="0.002" /><testcase classname="tests.test_finance_tools.TestRevenueTool" name="test_no_recalculation_inconsistent_numbers_pass_through" time="0.002" /><testcase classname="tests.test_finance_tools.TestPaymentPerformanceTool" name="test_delegates_with_named_period_parameters" time="0.002" /><testcase classname="tests.test_finance_tools.TestPaymentPerformanceTool" name="test_data_matches_engine_response_exactly" time="0.002" /><testcase classname="tests.test_finance_tools.TestRefundTool" name="test_reuses_engine_revenue_call_not_a_second_aggregation" time="0.002" /><testcase classname="tests.test_finance_tools.TestRefundTool" name="test_returns_only_refund_fields_plus_denominator" time="0.002" /><testcase classname="tests.test_finance_tools.TestRefundTool" name="test_period_echoed_for_interpretation" time="0.002" /><testcase classname="tests.test_finance_tools.TestSettlementTool" name="test_delegates_to_engine_summary_with_date_filters" time="0.002" /><testcase classname="tests.test_finance_tools.TestSettlementTool" name="test_projects_only_settlement_fields_per_currency" time="0.002" /><testcase classname="tests.test_finance_tools.TestSettlementTool" name="test_window_and_filter_echo" time="0.002" /><testcase classname="tests.test_finance_tools.TestTrendTool" name="test_forwards_metric_granularity_currency_and_ist_clock" time="0.002" /><testcase classname="tests.test_finance_tools.TestTrendTool" name="test_trend_payload_verbatim" time="0.002" /><testcase classname="tests.test_finance_tools.TestFinancialSummaryTool" name="test_passes_all_supported_filters_to_engine" time="0.002" /><testcase classname="tests.test_finance_tools.TestFinancialSummaryTool" name="test_full_multi_currency_passthrough" time="0.002" /><testcase classname="tests.test_finance_tools.TestInputValidation" name="test_invalid_inputs_raise_typed_error[payload0]" time="0.002" /><testcase classname="tests.test_finance_tools.TestInputValidation" name="test_invalid_inputs_raise_typed_error[payload1]" time="0.003" /><testcase classname="tests.test_finance_tools.TestInputValidation" name="test_invalid_inputs_raise_typed_error[payload2]" time="0.002" /><testcase classname="tests.test_finance_tools.TestInputValidation" name="test_invalid_inputs_raise_typed_error[payload3]" time="0.002" /><testcase classname="tests.test_finance_tools.TestInputValidation" name="test_invalid_inputs_raise_typed_error[payload4]" time="0.002" /><testcase classname="tests.test_finance_tools.TestInputValidation" name="test_invalid_inputs_raise_typed_error[payload5]" time="0.002" /><testcase classname="tests.test_finance_tools.TestInputValidation" name="test_invalid_inputs_raise_typed_error[payload6]" time="0.002" /><testcase classname="tests.test_finance_tools.TestInputValidation" name="test_input_models_reject_bad_values_directly" time="0.002" /><testcase classname="tests.test_finance_tools.TestInputValidation" name="test_currency_normalized_and_whitespace_tolerated" time="0.002" /><testcase classname="tests.test_finance_tools.TestInputValidation" name="test_blank_optional_currency_becomes_unfiltered" time="0.002" /><testcase classname="tests.test_finance_tools.TestInvocationContract" name="test_none_session_is_rejected_before_any_engine_call" time="0.002" /><testcase classname="tests.test_finance_tools.TestInvocationContract" name="test_non_mapping_non_model_payload_rejected" time="0.002" /><testcase classname="tests.test_finance_tools.TestInvocationContract" name="test_every_tool_accepts_model_instance_or_dict" time="0.004" /><testcase classname="tests.test_finance_tools.TestEmptyData" name="test_zero_degraded_responses_are_valid_outputs" time="0.003" /><testcase classname="tests.test_finance_tools.TestErrorHandling" name="test_engine_failure_becomes_sanitized_typed_error" time="0.008" /><testcase classname="tests.test_finance_tools.TestErrorHandling" name="test_database_not_configured_keeps_public_message" time="0.002" /><testcase classname="tests.test_finance_tools.TestErrorHandling" name="test_failures_never_leak_dsn_across_tools[settlements]" time="0.005" /><testcase classname="tests.test_finance_tools.TestErrorHandling" name="test_failures_never_leak_dsn_across_tools[trends]" time="0.004" /><testcase classname="tests.test_finance_tools.TestOutputSafety" name="test_envelopes_contain_only_json_native_values" time="0.012" /><testcase classname="tests.test_health" name="test_health_returns_200" time="0.020" /><testcase classname="tests.test_health" name="test_health_response_body_is_exact" time="0.021" /><testcase classname="tests.test_health" name="test_health_content_type_is_json" time="0.019" /><testcase classname="tests.test_health" name="test_health_method_not_allowed" time="0.016" /><testcase classname="tests.test_mappers.TestPaymentMapping" name="test_all_fields_mapped_exactly" time="0.002" /><testcase classname="tests.test_mappers.TestPaymentMapping" name="test_optional_fields_default_to_none" time="0.001" /><testcase classname="tests.test_mappers.TestPaymentMapping" name="test_notes_copied_not_aliased" time="0.001" /><testcase classname="tests.test_mappers.TestSettlementMapping" name="test_all_fields_mapped_exactly" time="0.002" /><testcase classname="tests.test_mappers.TestSettlementMapping" name="test_defaults_preserved" time="0.002" /><testcase classname="tests.test_mappers.TestOrderMapping" name="test_all_fields_mapped_exactly" time="0.002" /><testcase classname="tests.test_mappers.TestOrderMapping" name="test_optional_fields_default_to_none" time="0.001" /><testcase classname="tests.test_mappers.TestOrderMapping" name="test_notes_copied_not_aliased" time="0.002" /><testcase classname="tests.test_mappers.TestRefundMapping" name="test_all_fields_mapped_exactly" time="0.002" /><testcase classname="tests.test_mappers.TestRefundMapping" name="test_optional_fields_default_to_none" time="0.001" /><testcase classname="tests.test_metrics.TestUtcDayBounds" name="test_end_covers_full_day" time="0.001" /><testcase classname="tests.test_metrics.TestUtcDayBounds" name="test_none_passthrough" time="0.001" /><testcase classname="tests.test_metrics.TestSummary" name="test_metric_definitions_exact" time="0.051" /><testcase classname="tests.test_metrics.TestSummary" name="test_grouped_per_currency_with_zero_fills" time="0.050" /><testcase classname="tests.test_metrics.TestSummary" name="test_date_window_filters_every_resource" time="0.052" /><testcase classname="tests.test_metrics.TestSummary" name="test_status_and_method_filters_apply_to_payments" time="0.045" /><testcase classname="tests.test_metrics.TestSummary" name="test_currency_filter_narrows_groups" time="0.034" /><testcase classname="tests.test_metrics.TestSummary" name="test_empty_store_yields_empty_summary" time="0.031" /><testcase classname="tests.test_metrics.TestPagedReads" name="test_payment_page_roundtrip_and_filters" time="0.027" /><testcase classname="tests.test_metrics.TestPagedReads" name="test_refund_page_filters_by_parent" time="0.023" /><testcase classname="tests.test_metrics.TestPagedReads" name="test_settlement_order_pages" time="0.030" /><testcase classname="tests.test_metrics.TestPagedReads" name="test_pagination_slices" time="0.032" /><testcase classname="tests.test_metrics.TestRateHelpers" name="test_safe_rate_normal_and_zero_denominator" time="0.002" /><testcase classname="tests.test_metrics.TestRateHelpers" name="test_percentage_change_semantics" time="0.002" /><testcase classname="tests.test_metrics.TestPaymentPerformance" name="test_mixed_statuses_classified_per_spec" time="0.050" /><testcase classname="tests.test_metrics.TestPaymentPerformance" name="test_refunded_status_counts_as_successful" time="0.035" /><testcase classname="tests.test_metrics.TestPaymentPerformance" name="test_empty_period_yields_null_rates_not_zeros" time="0.031" /><testcase classname="tests.test_metrics.TestPaymentPerformance" name="test_other_currency_attempts_excluded_never_merged" time="0.036" /><testcase classname="tests.test_metrics.TestRevenueMetrics" name="test_spec_part_10_worked_example_exact" time="0.051" /><testcase classname="tests.test_metrics.TestRevenueMetrics" name="test_failed_payment_fee_tax_excluded_from_sums" time="0.466" /><testcase classname="tests.test_metrics.TestRevenueMetrics" name="test_empty_period_zeroes_with_null_refund_rate" time="0.031" /><testcase classname="tests.test_metrics.TestTrends" name="test_day_trend_normal_negative_change" time="0.038" /><testcase classname="tests.test_metrics.TestTrends" name="test_new_activity_has_null_percentage" time="0.042" /><testcase classname="tests.test_metrics.TestTrends" name="test_no_activity_empty_store" time="0.033" /><testcase classname="tests.test_migrations.TestOfflineSqlGeneration" name="test_upgrade_sql_creates_all_tables" time="0.073" /><testcase classname="tests.test_migrations.TestOfflineSqlGeneration" name="test_upgrade_sql_contains_uniqueness_and_indexes" time="0.047" /><testcase classname="tests.test_migrations.TestOfflineSqlGeneration" name="test_money_columns_are_bigint_never_float" time="0.043" /><testcase classname="tests.test_migrations.TestOfflineSqlGeneration" name="test_downgrade_sql_drops_all_tables" time="0.028" /><testcase classname="tests.test_migrations.TestLiveMigrationRoundTrip" name="test_upgrade_head_is_current_and_repeatable" time="0.001"><skipped type="pytest.skip" message="RECONAGENT_TEST_DATABASE_URL not set; requires a running PostgreSQL">C:\Users\Aanya Aggarwal\Downloads\razorpay\backend\tests\test_migrations.py:122: RECONAGENT_TEST_DATABASE_URL not set; requires a running PostgreSQL</skipped></testcase><testcase classname="tests.test_migrations.TestLiveMigrationRoundTrip" name="test_downgrade_then_upgrade_round_trip" time="0.001"><skipped type="pytest.skip" message="RECONAGENT_TEST_DATABASE_URL not set; requires a running PostgreSQL">C:\Users\Aanya Aggarwal\Downloads\razorpay\backend\tests\test_migrations.py:141: RECONAGENT_TEST_DATABASE_URL not set; requires a running PostgreSQL</skipped></testcase><testcase classname="tests.test_models.TestPaymentsTable" name="test_table_name" time="0.002" /><testcase classname="tests.test_models.TestPaymentsTable" name="test_money_columns_are_exact_integer_types" time="0.001" /><testcase classname="tests.test_models.TestPaymentsTable" name="test_no_floating_point_columns_anywhere" time="0.002" /><testcase classname="tests.test_models.TestPaymentsTable" name="test_razorpay_payment_id_is_unique_and_required" time="0.001" /><testcase classname="tests.test_models.TestPaymentsTable" name="test_deliberate_indexes_only" time="0.001" /><testcase classname="tests.test_models.TestPaymentsTable" name="test_provider_created_at_distinct_from_bookkeeping" time="0.001" /><testcase classname="tests.test_models.TestPaymentsTable" name="test_notes_render_jsonb_on_postgresql" time="0.002" /><testcase classname="tests.test_models.TestSettlementsTable" name="test_table_name" time="0.001" /><testcase classname="tests.test_models.TestSettlementsTable" name="test_money_columns_are_exact_integer_types" time="0.001" /><testcase classname="tests.test_models.TestSettlementsTable" name="test_no_floating_point_columns_anywhere" time="0.001" /><testcase classname="tests.test_models.TestSettlementsTable" name="test_razorpay_settlement_id_unique" time="0.001" /><testcase classname="tests.test_models.TestSettlementsTable" name="test_utr_indexed_for_reconciliation_join" time="0.002" /><testcase classname="tests.test_models.TestSyncRunsTable" name="test_table_name" time="0.001" /><testcase classname="tests.test_models.TestSyncRunsTable" name="test_status_column_with_check_constraint" time="0.001" /><testcase classname="tests.test_models.TestSyncRunsTable" name="test_counter_columns" time="0.001" /><testcase classname="tests.test_models.TestSyncRunsTable" name="test_watermark_columns_are_bigint_epochs" time="0.002" /><testcase classname="tests.test_models.TestSyncRunsTable" name="test_started_at_indexed" time="0.002" /><testcase classname="tests.test_models.TestTimestampMixin" name="test_created_and_updated_present_on_all_models" time="0.002" /><testcase classname="tests.test_razorpay_client.TestSuccessfulRequests" name="test_get_returns_parsed_json" time="0.004" /><testcase classname="tests.test_razorpay_client.TestSuccessfulRequests" name="test_url_join_and_query_params" time="0.003" /><testcase classname="tests.test_razorpay_client.TestSuccessfulRequests" name="test_empty_success_body_returns_none" time="0.003" /><testcase classname="tests.test_razorpay_client.TestAuthentication" name="test_basic_auth_header_generated_by_library" time="0.003" /><testcase classname="tests.test_razorpay_client.TestAuthentication" name="test_permanent_authentication_errors_are_never_retried[401]" time="0.004" /><testcase classname="tests.test_razorpay_client.TestAuthentication" name="test_permanent_authentication_errors_are_never_retried[403]" time="0.004" /><testcase classname="tests.test_razorpay_client.TestErrorMapping" name="test_authentication_errors[401]" time="0.004" /><testcase classname="tests.test_razorpay_client.TestErrorMapping" name="test_authentication_errors[403]" time="0.003" /><testcase classname="tests.test_razorpay_client.TestErrorMapping" name="test_validation_error_preserves_razorpay_detail" time="0.003" /><testcase classname="tests.test_razorpay_client.TestErrorMapping" name="test_validation_statuses[400]" time="0.004" /><testcase classname="tests.test_razorpay_client.TestErrorMapping" name="test_validation_statuses[422]" time="0.003" /><testcase classname="tests.test_razorpay_client.TestErrorMapping" name="test_not_found_error" time="0.003" /><testcase classname="tests.test_razorpay_client.TestErrorMapping" name="test_unmapped_client_error_is_single_attempt" time="0.003" /><testcase classname="tests.test_razorpay_client.TestErrorMapping" name="test_error_body_with_html_still_maps" time="0.003" /><testcase classname="tests.test_razorpay_client.TestErrorMapping" name="test_malformed_json_on_success_is_typed_error" time="0.002" /><testcase classname="tests.test_razorpay_client.TestRetryBehavior" name="test_retry_then_success" time="0.002" /><testcase classname="tests.test_razorpay_client.TestRetryBehavior" name="test_backoff_steps_grow_exponentially_and_are_capped" time="0.010" /><testcase classname="tests.test_razorpay_client.TestRetryBehavior" name="test_persistent_429_is_bounded" time="0.005" /><testcase classname="tests.test_razorpay_client.TestRetryBehavior" name="test_persistent_500_is_bounded" time="0.005" /><testcase classname="tests.test_razorpay_client.TestRetryBehavior" name="test_numeric_retry_after_is_respected_and_capped" time="0.003" /><testcase classname="tests.test_razorpay_client.TestRetryBehavior" name="test_non_numeric_retry_after_falls_back_to_backoff" time="0.004" /><testcase classname="tests.test_razorpay_client.TestRetryBehavior" name="test_writes_are_never_retried" time="0.003" /><testcase classname="tests.test_razorpay_client.TestRetryBehavior" name="test_zero_max_retries_means_single_attempt" time="0.003" /><testcase classname="tests.test_razorpay_client.TestNetworkFailures" name="test_transient_network_errors_retried_then_typed_error[transport_exc0-timed out]" time="0.006" /><testcase classname="tests.test_razorpay_client.TestNetworkFailures" name="test_transient_network_errors_retried_then_typed_error[transport_exc1-timed out]" time="0.005" /><testcase classname="tests.test_razorpay_client.TestNetworkFailures" name="test_transient_network_errors_retried_then_typed_error[transport_exc2-connection failed]" time="0.005" /><testcase classname="tests.test_razorpay_client.TestNetworkFailures" name="test_timeout_once_then_success_is_recovered" time="0.004" /><testcase classname="tests.test_razorpay_client.TestNetworkFailures" name="test_writes_never_retry_network_errors" time="0.002" /><testcase classname="tests.test_razorpay_client.TestNetworkFailures" name="test_timeout_message_reports_configured_timeout" time="0.002" /><testcase classname="tests.test_razorpay_client.TestJitter" name="test_jitter_output_used_as_delay_within_backoff_bounds" time="0.005" /><testcase classname="tests.test_razorpay_client.TestJitter" name="test_pathological_jitter_is_clamped" time="0.005" /><testcase classname="tests.test_razorpay_client.TestJitter" name="test_server_provided_retry_after_bypasses_jitter" time="0.004" /><testcase classname="tests.test_razorpay_client.TestStructuredLogs" name="test_response_and_retry_lines_are_structured_json" time="0.005" /><testcase classname="tests.test_razorpay_client.TestStructuredLogs" name="test_no_credentials_or_authorization_in_any_log_line" time="0.004" /><testcase classname="tests.test_razorpay_client.TestAllVerbsSupported" name="test_method_forwarding[&lt;lambda&gt;-GET]" time="0.002" /><testcase classname="tests.test_razorpay_client.TestAllVerbsSupported" name="test_method_forwarding[&lt;lambda&gt;-POST]" time="0.003" /><testcase classname="tests.test_razorpay_client.TestAllVerbsSupported" name="test_method_forwarding[&lt;lambda&gt;-PUT]" time="0.003" /><testcase classname="tests.test_razorpay_client.TestAllVerbsSupported" name="test_method_forwarding[&lt;lambda&gt;-PATCH]" time="0.003" /><testcase classname="tests.test_razorpay_client.TestAllVerbsSupported" name="test_method_forwarding[&lt;lambda&gt;-DELETE]" time="0.002" /><testcase classname="tests.test_razorpay_client.TestAllVerbsSupported" name="test_json_body_round_trips" time="0.002" /><testcase classname="tests.test_razorpay_client.TestCredentialLeakage" name="test_http_errors_do_not_leak_credentials[400]" time="0.004" /><testcase classname="tests.test_razorpay_client.TestCredentialLeakage" name="test_http_errors_do_not_leak_credentials[401]" time="0.004" /><testcase classname="tests.test_razorpay_client.TestCredentialLeakage" name="test_http_errors_do_not_leak_credentials[403]" time="0.004" /><testcase classname="tests.test_razorpay_client.TestCredentialLeakage" name="test_http_errors_do_not_leak_credentials[404]" time="0.003" /><testcase classname="tests.test_razorpay_client.TestCredentialLeakage" name="test_http_errors_do_not_leak_credentials[429]" time="0.008" /><testcase classname="tests.test_razorpay_client.TestCredentialLeakage" name="test_http_errors_do_not_leak_credentials[500]" time="0.004" /><testcase classname="tests.test_razorpay_client.TestCredentialLeakage" name="test_network_errors_do_not_leak_credentials" time="0.004" /><testcase classname="tests.test_razorpay_client.TestSettingsConstruction" name="test_from_settings_builds_configured_client" time="0.821" /><testcase classname="tests.test_razorpay_client.TestSettingsConstruction" name="test_from_settings_without_credentials_fails_clearly" time="0.005" /><testcase classname="tests.test_razorpay_client.TestSettingsConstruction" name="test_constructor_rejects_blank_credentials" time="0.002" /><testcase classname="tests.test_razorpay_client.TestSettingsConstruction" name="test_backoff_and_jitter_settings_flow_into_client" time="0.926" /><testcase classname="tests.test_razorpay_client.TestSettingsConstruction" name="test_jitter_can_be_disabled_via_settings" time="0.803" /><testcase classname="tests.test_razorpay_client.TestSettingsConstruction" name="test_max_delay_below_base_delay_is_rejected" time="0.005" /><testcase classname="tests.test_razorpay_client.TestSettingsConstruction" name="test_constructor_rejects_inverted_delay_window" time="0.002" /><testcase classname="tests.test_razorpay_connection.TestServiceVerifyConnection" name="test_success_returns_connected_with_test_mode" time="0.003" /><testcase classname="tests.test_razorpay_connection.TestServiceVerifyConnection" name="test_live_key_reports_live_environment" time="0.003" /><testcase classname="tests.test_razorpay_connection.TestServiceVerifyConnection" name="test_unrecognized_key_prefix_is_unknown" time="0.003" /><testcase classname="tests.test_razorpay_connection.TestServiceVerifyConnection" name="test_items_seen_reflects_payload" time="0.003" /><testcase classname="tests.test_razorpay_connection.TestServiceVerifyConnection" name="test_http_failures_propagate_as_typed_errors[401-RazorpayAuthenticationError]" time="0.008" /><testcase classname="tests.test_razorpay_connection.TestServiceVerifyConnection" name="test_http_failures_propagate_as_typed_errors[429-RazorpayRateLimitError]" time="0.005" /><testcase classname="tests.test_razorpay_connection.TestServiceVerifyConnection" name="test_http_failures_propagate_as_typed_errors[500-RazorpayServerError]" time="0.004" /><testcase classname="tests.test_razorpay_connection.TestServiceVerifyConnection" name="test_http_failures_propagate_as_typed_errors[400-RazorpayValidationError]" time="0.005" /><testcase classname="tests.test_razorpay_connection.TestServiceVerifyConnection" name="test_timeout_propagates_connection_error" time="0.002" /><testcase classname="tests.test_razorpay_connection.TestServiceVerifyConnection" name="test_malformed_body_propagates_invalid_response" time="0.003" /><testcase classname="tests.test_razorpay_connection.TestConnectionEndpointSuccess" name="test_returns_connected_true_for_test_keys" time="0.025" /><testcase classname="tests.test_razorpay_connection.TestConnectionEndpointSuccess" name="test_live_keys_reported_as_live" time="0.019" /><testcase classname="tests.test_razorpay_connection.TestConnectionEndpointFailures" name="test_invalid_credentials_structured_502" time="0.020" /><testcase classname="tests.test_razorpay_connection.TestConnectionEndpointFailures" name="test_rate_limit_structured_503" time="0.019" /><testcase classname="tests.test_razorpay_connection.TestConnectionEndpointFailures" name="test_upstream_5xx_structured_502" time="0.019" /><testcase classname="tests.test_razorpay_connection.TestConnectionEndpointFailures" name="test_other_4xx_structured_502" time="0.020" /><testcase classname="tests.test_razorpay_connection.TestConnectionEndpointFailures" name="test_timeout_and_network_failure_structured_504[transport_exc0]" time="0.017" /><testcase classname="tests.test_razorpay_connection.TestConnectionEndpointFailures" name="test_timeout_and_network_failure_structured_504[transport_exc1]" time="0.017" /><testcase classname="tests.test_razorpay_connection.TestConnectionEndpointFailures" name="test_malformed_response_structured_502" time="0.017" /><testcase classname="tests.test_razorpay_connection.TestConnectionEndpointFailures" name="test_missing_credentials_structured_503" time="0.015" /><testcase classname="tests.test_razorpay_connection.TestOpenApiDocumentation" name="test_connection_path_documented" time="0.014" /><testcase classname="tests.test_razorpay_connection.TestOpenApiDocumentation" name="test_response_model_in_components" time="0.013" /><testcase classname="tests.test_razorpay_schemas.TestPaymentCollectionParsing" name="test_valid_payload_parses" time="0.002" /><testcase classname="tests.test_razorpay_schemas.TestPaymentCollectionParsing" name="test_unknown_fields_are_ignored" time="0.002" /><testcase classname="tests.test_razorpay_schemas.TestPaymentCollectionParsing" name="test_non_dict_payload_is_invalid_response" time="0.002" /><testcase classname="tests.test_razorpay_schemas.TestPaymentCollectionParsing" name="test_items_missing_required_fields_is_invalid_response" time="0.002" /><testcase classname="tests.test_razorpay_schemas.TestSettlementCollectionParsing" name="test_valid_payload_parses_with_documented_defaults" time="0.002" /><testcase classname="tests.test_razorpay_schemas.TestSettlementCollectionParsing" name="test_missing_id_is_invalid_response" time="0.002" /><testcase classname="tests.test_razorpay_schemas.TestOrderCollectionParsing" name="test_valid_payload_parses_with_documented_defaults" time="0.002" /><testcase classname="tests.test_razorpay_schemas.TestOrderCollectionParsing" name="test_unknown_fields_are_ignored" time="0.001" /><testcase classname="tests.test_razorpay_schemas.TestOrderCollectionParsing" name="test_non_dict_payload_is_invalid_response" time="0.002" /><testcase classname="tests.test_razorpay_schemas.TestOrderCollectionParsing" name="test_missing_amount_is_invalid_response" time="0.001" /><testcase classname="tests.test_razorpay_schemas.TestRefundCollectionParsing" name="test_valid_payload_parses_with_documented_defaults" time="0.002" /><testcase classname="tests.test_razorpay_schemas.TestRefundCollectionParsing" name="test_speed_preserved_when_provided" time="0.002" /><testcase classname="tests.test_razorpay_schemas.TestRefundCollectionParsing" name="test_non_dict_payload_is_invalid_response" time="0.001" /><testcase classname="tests.test_razorpay_schemas.TestRefundCollectionParsing" name="test_missing_payment_id_is_invalid_response" time="0.002" /><testcase classname="tests.test_readiness.TestReadinessDefaults" name="test_ready_in_development_without_credentials" time="0.022" /><testcase classname="tests.test_readiness.TestReadinessDefaults" name="test_readiness_never_leaks_secret_values" time="0.025" /><testcase classname="tests.test_readiness.TestReadinessFailures" name="test_503_when_database_url_scheme_invalid" time="0.022" /><testcase classname="tests.test_readiness.TestReadinessFailures" name="test_503_in_production_without_required_secrets" time="0.022" /><testcase classname="tests.test_readiness.TestReadinessFailures" name="test_production_with_all_secrets_is_ready" time="0.022" /><testcase classname="tests.test_readiness.TestHealthReadinessSeparation" name="test_health_stays_ok_even_when_misconfigured" time="0.028" /><testcase classname="tests.test_reconciliation_engine.TestMatchingRules" name="test_exact_match" time="0.002" /><testcase classname="tests.test_reconciliation_engine.TestMatchingRules" name="test_amount_mismatch_reports_exact_difference" time="0.001" /><testcase classname="tests.test_reconciliation_engine.TestMatchingRules" name="test_missing_settlement" time="0.002" /><testcase classname="tests.test_reconciliation_engine.TestMatchingRules" name="test_duplicate_settlement_takes_precedence_over_amount_check" time="0.002" /><testcase classname="tests.test_reconciliation_engine.TestMatchingRules" name="test_currency_mismatch_takes_precedence_over_amount_check" time="0.001" /><testcase classname="tests.test_reconciliation_engine.TestMatchingRules" name="test_invalid_status_unknown_vocabulary" time="0.002" /><testcase classname="tests.test_reconciliation_engine.TestMatchingRules" name="test_invalid_status_ineligible_but_settled" time="0.002" /><testcase classname="tests.test_reconciliation_engine.TestMatchingRules" name="test_ineligible_status_without_settlement_is_out_of_scope" time="0.002" /><testcase classname="tests.test_reconciliation_engine.TestMatchingRules" name="test_missing_payment" time="0.002" /><testcase classname="tests.test_reconciliation_engine.TestMatchingRules" name="test_unresolved_blank_attribution_reference" time="0.001" /><testcase classname="tests.test_reconciliation_engine.TestMatchingRules" name="test_unresolved_whitespace_reference_counts_as_missing_usable_ref" time="0.002" /><testcase classname="tests.test_reconciliation_engine.TestEngineContract" name="test_results_follow_input_order_then_orphans" time="0.002" /><testcase classname="tests.test_reconciliation_engine.TestEngineContract" name="test_repeated_runs_are_identical" time="0.002" /><testcase classname="tests.test_reconciliation_engine.TestEngineContract" name="test_inputs_are_never_mutated" time="0.002" /><testcase classname="tests.test_reconciliation_engine.TestEngineContract" name="test_duplicate_ids_are_rejected[dup_payments0-dup_lines0-duplicate payment id]" time="0.003" /><testcase classname="tests.test_reconciliation_engine.TestEngineContract" name="test_duplicate_ids_are_rejected[dup_payments1-dup_lines1-duplicate settlement id]" time="0.002" /><testcase classname="tests.test_reconciliation_engine.TestEngineContract" name="test_domain_models_reject_extra_fields_and_bad_types" time="0.002" /><testcase classname="tests.test_reconciliation_engine.TestEngineContract" name="test_status_constants_align_with_project_vocabulary" time="0.001" /><testcase classname="tests.test_reconciliation_engine.TestSummaryMetrics" name="test_empty_batch_has_zero_denominator_none_rates" time="0.002" /><testcase classname="tests.test_reconciliation_engine.TestSummaryMetrics" name="test_match_rate_and_breakdown_math" time="0.002" /><testcase classname="tests.test_reconciliation_engine.TestSummaryMetrics" name="test_throughput_uses_whole_seconds" time="0.002" /><testcase classname="tests.test_reconciliation_engine.TestSummaryMetrics" name="test_report_splits_exceptions_from_results" time="0.002" /><testcase classname="tests.test_reconciliation_engine.TestGroundTruthEvaluation" name="test_perfect_alignment_scores_full_accuracy" time="0.001" /><testcase classname="tests.test_reconciliation_engine.TestGroundTruthEvaluation" name="test_wrong_and_missing_decisions_are_reported_honestly" time="0.002" /><testcase classname="tests.test_reconciliation_engine.TestGroundTruthEvaluation" name="test_no_cases_yields_none_accuracy_not_fake_100" time="0.001" /><testcase classname="tests.test_reconciliation_synthetic.TestDeterminism" name="test_same_seed_and_size_produce_identical_batches" time="0.010" /><testcase classname="tests.test_reconciliation_synthetic.TestDeterminism" name="test_repeated_runs_reconcile_identically" time="0.007" /><testcase classname="tests.test_reconciliation_synthetic.TestDeterminism" name="test_different_seed_relocates_cases" time="0.007" /><testcase classname="tests.test_reconciliation_synthetic.TestDeterminism" name="test_negative_size_is_rejected" time="0.002" /><testcase classname="tests.test_reconciliation_synthetic.TestDistributionAndIntegrity" name="test_distribution_constant_sums_to_100" time="0.001" /><testcase classname="tests.test_reconciliation_synthetic.TestDistributionAndIntegrity" name="test_default_batch_has_at_least_100_records" time="0.004" /><testcase classname="tests.test_reconciliation_synthetic.TestDistributionAndIntegrity" name="test_default_seed_is_pinned_for_the_benchmark" time="0.002" /><testcase classname="tests.test_reconciliation_synthetic.TestDistributionAndIntegrity" name="test_hundred_record_batch_matches_designed_distribution" time="0.004" /><testcase classname="tests.test_reconciliation_synthetic.TestDistributionAndIntegrity" name="test_scaled_size_50_keeps_every_case_type_present" time="0.003" /><testcase classname="tests.test_reconciliation_synthetic.TestDistributionAndIntegrity" name="test_ground_truth_covers_all_documented_exception_types" time="0.007" /><testcase classname="tests.test_reconciliation_synthetic.TestDistributionAndIntegrity" name="test_all_amounts_are_non_negative_minor_unit_integers" time="0.004" /><testcase classname="tests.test_reconciliation_synthetic.TestDistributionAndIntegrity" name="test_healthy_payment_statuses_stay_inside_known_vocabulary" time="0.005" /><testcase classname="tests.test_reconciliation_synthetic.TestDistributionAndIntegrity" name="test_duplicate_cases_emit_two_lines_sharing_one_reference" time="0.005" /><testcase classname="tests.test_reconciliation_synthetic.TestDistributionAndIntegrity" name="test_settlement_ids_are_unique_across_the_batch" time="0.005" /><testcase classname="tests.test_reconciliation_synthetic.TestGroundTruthDiscipline" name="test_engine_agrees_with_every_expectation_on_default_batch" time="0.005" /><testcase classname="tests.test_reconciliation_synthetic.TestGroundTruthDiscipline" name="test_engine_signature_accepts_only_records_never_outcomes" time="0.002" /><testcase classname="tests.test_reconciliation_synthetic.TestGroundTruthDiscipline" name="test_ground_truth_entries_are_evaluation_only_models" time="0.001" /><testcase classname="tests.test_repositories.TestPaymentInsert" name="test_insert_persists_and_flushes_id" time="0.025" /><testcase classname="tests.test_repositories.TestPaymentInsert" name="test_insert_duplicate_provider_id_rejected" time="0.020" /><testcase classname="tests.test_repositories.TestPaymentInsert" name="test_notes_default_empty_dict" time="0.022" /><testcase classname="tests.test_repositories.TestPaymentUpsert" name="test_upsert_inserts_then_updates_without_duplicates" time="0.025" /><testcase classname="tests.test_repositories.TestPaymentUpsert" name="test_upsert_many_reports_counts" time="0.026" /><testcase classname="tests.test_repositories.TestPaymentLookup" name="test_get_by_razorpay_id" time="0.022" /><testcase classname="tests.test_repositories.TestPaymentPagination" name="test_list_paginated_returns_pages_and_total" time="0.037" /><testcase classname="tests.test_repositories.TestPaymentPagination" name="test_pagination_bounds_validated" time="0.015" /><testcase classname="tests.test_repositories.TestSettlementRepository" name="test_insert_update_lookup_roundtrip" time="0.029" /><testcase classname="tests.test_repositories.TestSettlementRepository" name="test_get_by_utr" time="0.026" /><testcase classname="tests.test_repositories.TestSettlementRepository" name="test_unique_constraint_enforced_at_database_level" time="0.020" /><testcase classname="tests.test_repositories.TestSettlementRepository" name="test_pagination" time="0.029" /><testcase classname="tests.test_repositories.TestSyncRunRepository" name="test_lifecycle_running_to_success" time="0.021" /><testcase classname="tests.test_repositories.TestSyncRunRepository" name="test_failure_states_record_sanitized_error" time="0.017" /><testcase classname="tests.test_repositories.TestSyncRunRepository" name="test_latest_watermark_reads_only_successful_runs" time="0.028" /><testcase classname="tests.test_repositories.TestSyncRunRepository" name="test_invalid_status_rejected_by_check_constraint" time="0.017" /><testcase classname="tests.test_repositories.TestSyncRunRepository" name="test_list_most_recent_first" time="0.028" /><testcase classname="tests.test_repositories.TestMoneyPrecisionContract" name="test_large_minor_amounts_survive_roundtrip" time="0.023" /><testcase classname="tests.test_repositories.TestMoneyPrecisionContract" name="test_fee_tax_minor_units_survive_roundtrip" time="0.021" /><testcase classname="tests.test_repositories.TestTransactionSemantics" name="test_rollback_discards_uncommitted_inserts" time="0.036" /><testcase classname="tests.test_repositories.TestTransactionSemantics" name="test_commit_persists_across_sessions" time="0.026" /><testcase classname="tests.test_repositories.TestTransactionSemantics" name="test_failed_flush_leaves_no_partial_state_after_rollback" time="0.029" /><testcase classname="tests.test_repositories.TestTransactionSemantics" name="test_committed_page_survives_later_page_failure" time="0.029" /><testcase classname="tests.test_repositories.TestTransactionSemantics" name="test_rolled_back_update_preserves_committed_state" time="0.025" /><testcase classname="tests.test_repositories.TestPaymentDatabaseConstraints" name="test_unique_constraint_enforced_at_database_level" time="0.021" /><testcase classname="tests.test_repositories.TestPaymentDatabaseConstraints" name="test_amount_minor_rejects_null" time="0.017" /><testcase classname="tests.test_repositories.TestPaymentDatabaseConstraints" name="test_provider_id_rejects_null" time="0.023" /><testcase classname="tests.test_repositories.TestSettlementDatabaseConstraints" name="test_amount_minor_rejects_null" time="0.015" /><testcase classname="tests.test_repositories.TestSettlementDatabaseConstraints" name="test_fees_tax_default_to_zero_when_omitted" time="0.021" /><testcase classname="tests.test_repositories.TestOrderRepository" name="test_insert_update_lookup_roundtrip" time="0.024" /><testcase classname="tests.test_repositories.TestOrderRepository" name="test_insert_duplicate_provider_id_rejected" time="0.020" /><testcase classname="tests.test_repositories.TestOrderRepository" name="test_unique_constraint_enforced_at_database_level" time="0.020" /><testcase classname="tests.test_repositories.TestOrderRepository" name="test_pagination_and_filters" time="0.034" /><testcase classname="tests.test_repositories.TestOrderRepository" name="test_amount_defaults_zero_when_omitted" time="0.021" /><testcase classname="tests.test_repositories.TestRefundRepository" name="test_insert_update_lookup_roundtrip" time="0.021" /><testcase classname="tests.test_repositories.TestRefundRepository" name="test_insert_duplicate_provider_id_rejected" time="0.020" /><testcase classname="tests.test_repositories.TestRefundRepository" name="test_get_by_payment_id" time="0.030" /><testcase classname="tests.test_repositories.TestRefundRepository" name="test_pagination_and_filters" time="0.035" /><testcase classname="tests.test_repositories.TestRefundRepository" name="test_payment_link_is_plain_column_not_fk" time="0.027" /><testcase classname="tests.test_repositories.TestDetailedUpsert" name="test_outcomes_inserted_updated_skipped" time="0.019" /><testcase classname="tests.test_repositories.TestDetailedUpsert" name="test_batch_counts_all_three_buckets" time="0.027" /><testcase classname="tests.test_repositories.TestDetailedUpsert" name="test_datetime_naive_vs_aware_compares_equal" time="0.024" /><testcase classname="tests.test_repositories.TestDetailedUpsert" name="test_notes_change_is_detected" time="0.022" /><testcase classname="tests.test_repositories.TestDetailedUpsert" name="test_legacy_two_state_upsert_still_works" time="0.023" /><testcase classname="tests.test_repositories.TestDetailedUpsert" name="test_settlements_orders_refunds_share_the_contract" time="0.036" /><testcase classname="tests.test_repositories.TestFinanceAggregates" name="test_payment_aggregate_by_currency" time="0.033" /><testcase classname="tests.test_repositories.TestFinanceAggregates" name="test_refunded_status_joins_successful_population" time="0.030" /><testcase classname="tests.test_repositories.TestFinanceAggregates" name="test_payment_aggregate_respects_filters" time="0.030" /><testcase classname="tests.test_repositories.TestFinanceAggregates" name="test_refund_settlement_aggregates_group_by_currency" time="0.035" /><testcase classname="tests.test_repositories.TestFinanceAggregates" name="test_aggregates_over_empty_window_are_empty" time="0.021" /><testcase classname="tests.test_signal_analysis.TestRevenueSignals" name="test_revenue_decline_exact_values" time="0.002" /><testcase classname="tests.test_signal_analysis.TestRevenueSignals" name="test_revenue_decline_severity_ladder" time="0.001" /><testcase classname="tests.test_signal_analysis.TestRevenueSignals" name="test_revenue_growth_and_cap" time="0.001" /><testcase classname="tests.test_signal_analysis.TestRevenueSignals" name="test_small_growth_below_threshold_is_not_a_signal" time="0.002" /><testcase classname="tests.test_signal_analysis.TestRevenueSignals" name="test_no_change_produces_no_signal" time="0.002" /><testcase classname="tests.test_signal_analysis.TestRevenueSignals" name="test_zero_previous_value_new_activity" time="0.002" /><testcase classname="tests.test_signal_analysis.TestPaymentPerformanceSignals" name="test_success_rate_level_boundaries[96.0-None]" time="0.002" /><testcase classname="tests.test_signal_analysis.TestPaymentPerformanceSignals" name="test_success_rate_level_boundaries[95.0-None]" time="0.003" /><testcase classname="tests.test_signal_analysis.TestPaymentPerformanceSignals" name="test_success_rate_level_boundaries[94.9-MEDIUM]" time="0.002" /><testcase classname="tests.test_signal_analysis.TestPaymentPerformanceSignals" name="test_success_rate_level_boundaries[85.0-HIGH]" time="0.001" /><testcase classname="tests.test_signal_analysis.TestPaymentPerformanceSignals" name="test_success_rate_level_boundaries[84.9-HIGH]" time="0.002" /><testcase classname="tests.test_signal_analysis.TestPaymentPerformanceSignals" name="test_success_rate_level_boundaries[70.0-CRITICAL]" time="0.002" /><testcase classname="tests.test_signal_analysis.TestPaymentPerformanceSignals" name="test_success_rate_level_boundaries[69.9-CRITICAL]" time="0.002" /><testcase classname="tests.test_signal_analysis.TestPaymentPerformanceSignals" name="test_failure_rate_level_boundaries[5.0-None]" time="0.002" /><testcase classname="tests.test_signal_analysis.TestPaymentPerformanceSignals" name="test_failure_rate_level_boundaries[5.1-MEDIUM]" time="0.002" /><testcase classname="tests.test_signal_analysis.TestPaymentPerformanceSignals" name="test_failure_rate_level_boundaries[15.0-HIGH]" time="0.002" /><testcase classname="tests.test_signal_analysis.TestPaymentPerformanceSignals" name="test_failure_rate_level_boundaries[30.0-CRITICAL]" time="0.002" /><testcase classname="tests.test_signal_analysis.TestPaymentPerformanceSignals" name="test_failure_rate_level_boundaries[30.1-CRITICAL]" time="0.002" /><testcase classname="tests.test_signal_analysis.TestPaymentPerformanceSignals" name="test_success_rate_none_is_never_low" time="0.001" /><testcase classname="tests.test_signal_analysis.TestPaymentPerformanceSignals" name="test_failure_count_increase_via_trend" time="0.002" /><testcase classname="tests.test_signal_analysis.TestPaymentPerformanceSignals" name="test_failure_count_decrease_is_not_a_warning" time="0.002" /><testcase classname="tests.test_signal_analysis.TestPaymentPerformanceSignals" name="test_transaction_volume_change[-30.0-VOLUME_DECLINE]" time="0.001" /><testcase classname="tests.test_signal_analysis.TestPaymentPerformanceSignals" name="test_transaction_volume_change[10.0-VOLUME_GROWTH]" time="0.001" /><testcase classname="tests.test_signal_analysis.TestAdverseFavorableCap" name="test_favorable_movements_cap_at_high[gross_revenue-400-100-300.0-REVENUE_GROWTH]" time="0.002" /><testcase classname="tests.test_signal_analysis.TestAdverseFavorableCap" name="test_favorable_movements_cap_at_high[transaction_volume-500-100-400.0-VOLUME_GROWTH]" time="0.002" /><testcase classname="tests.test_signal_analysis.TestAdverseFavorableCap" name="test_favorable_movements_cap_at_high[settlement_amount-600000-100000-500.0-SETTLEMENT_AMOUNT_INCREASE]" time="0.002" /><testcase classname="tests.test_signal_analysis.TestAdverseFavorableCap" name="test_favorable_movements_cap_at_high[refund_amount-100-1000--90.0-REFUND_AMOUNT_DECREASE]" time="0.003" /><testcase classname="tests.test_signal_analysis.TestAdverseFavorableCap" name="test_adverse_movements_reach_critical[gross_revenue-40-100--60.0-REVENUE_DECLINE]" time="0.002" /><testcase classname="tests.test_signal_analysis.TestAdverseFavorableCap" name="test_adverse_movements_reach_critical[transaction_volume-30-100--70.0-VOLUME_DECLINE]" time="0.002" /><testcase classname="tests.test_signal_analysis.TestAdverseFavorableCap" name="test_adverse_movements_reach_critical[failed_transactions-900-300-200.0-FAILURE_COUNT_INCREASE]" time="0.003" /><testcase classname="tests.test_signal_analysis.TestAdverseFavorableCap" name="test_adverse_movements_reach_critical[refund_amount-5000-1000-400.0-REFUND_AMOUNT_INCREASE]" time="0.002" /><testcase classname="tests.test_signal_analysis.TestAdverseFavorableCap" name="test_adverse_movements_reach_critical[settlement_amount-200000-1000000--80.0-SETTLEMENT_AMOUNT_DECREASE]" time="0.002" /><testcase classname="tests.test_signal_analysis.TestRefundSignals" name="test_refund_rate_boundaries[5.0-None]" time="0.002" /><testcase classname="tests.test_signal_analysis.TestRefundSignals" name="test_refund_rate_boundaries[5.1-MEDIUM]" time="0.002" /><testcase classname="tests.test_signal_analysis.TestRefundSignals" name="test_refund_rate_boundaries[15.0-HIGH]" time="0.002" /><testcase classname="tests.test_signal_analysis.TestRefundSignals" name="test_refund_rate_boundaries[18.0-HIGH]" time="0.002" /><testcase classname="tests.test_signal_analysis.TestRefundSignals" name="test_unusual_refund_activity_only_at_high" time="0.002" /><testcase classname="tests.test_signal_analysis.TestRefundSignals" name="test_refund_rate_none_ignored" time="0.001" /><testcase classname="tests.test_signal_analysis.TestRefundSignals" name="test_refund_amount_increase_and_decrease" time="0.002" /><testcase classname="tests.test_signal_analysis.TestRefundSignals" name="test_refund_count_increase" time="0.002" /><testcase classname="tests.test_signal_analysis.TestRefundSignals" name="test_healthy_refund_rate_is_not_a_signal[0.0]" time="0.002" /><testcase classname="tests.test_signal_analysis.TestRefundSignals" name="test_healthy_refund_rate_is_not_a_signal[2.5]" time="0.002" /><testcase classname="tests.test_signal_analysis.TestRefundSignals" name="test_healthy_refund_rate_is_not_a_signal[5.0]" time="0.002" /><testcase classname="tests.test_signal_analysis.TestRefundSignals" name="test_payment_success_improvement_is_never_a_signal" time="0.002" /><testcase classname="tests.test_signal_analysis.TestSettlementSignals" name="test_settlement_gap_exact_values" time="0.001" /><testcase classname="tests.test_signal_analysis.TestSettlementSignals" name="test_gap_severity_bands_per_currency" time="0.001" /><testcase classname="tests.test_signal_analysis.TestSettlementSignals" name="test_gap_skips_unknown_or_zero_gross_currencies" time="0.001" /><testcase classname="tests.test_signal_analysis.TestSettlementSignals" name="test_settlement_trend_change" time="0.003" /><testcase classname="tests.test_signal_analysis.TestCoincidence" name="test_multiple_simultaneous_signals_from_full_results" time="0.002" /><testcase classname="tests.test_signal_analysis.TestCoincidence" name="test_revenue_decline_plus_payment_issue_coincide" time="0.002" /><testcase classname="tests.test_signal_analysis.TestCoincidence" name="test_no_causation_wording_anywhere" time="0.002" /><testcase classname="tests.test_signal_analysis.TestCoincidence" name="test_revenue_decline_alone_has_no_coincidence" time="0.001" /><testcase classname="tests.test_signal_analysis.TestCoincidence" name="test_payment_issue_alone_has_no_coincidence" time="0.001" /><testcase classname="tests.test_signal_analysis.TestDeterminismAndDedup" name="test_duplicate_keys_are_collapsed" time="0.001" /><testcase classname="tests.test_signal_analysis.TestDeterminismAndDedup" name="test_insertion_order_does_not_matter" time="0.002" /><testcase classname="tests.test_signal_analysis.TestDeterminismAndDedup" name="test_repeated_runs_are_identical" time="0.002" /><testcase classname="tests.test_signal_analysis.TestDeterminismAndDedup" name="test_output_is_json_serializable" time="0.002" /><testcase classname="tests.test_signal_analysis.TestMissingValues" name="test_empty_tool_results" time="0.001" /><testcase classname="tests.test_signal_analysis.TestMissingValues" name="test_malformed_envelopes_are_skipped" time="0.001" /><testcase classname="tests.test_signal_analysis.TestMissingValues" name="test_trend_with_missing_metric_is_ignored" time="0.001" /><testcase classname="tests.test_signal_analysis.TestMissingValues" name="test_non_engine_trend_metric_never_gets_signal_vocabulary" time="0.001" /><testcase classname="tests.test_signal_analysis.TestConfigurability" name="test_custom_thresholds_change_outcome" time="0.002" /><testcase classname="tests.test_signal_analysis.TestConfigurability" name="test_medium_band_respects_custom_boundaries" time="0.001" /><testcase classname="tests.test_signal_analysis.TestPurity" name="test_module_has_no_llm_db_or_network_imports" time="0.006" /><testcase classname="tests.test_signal_analysis.TestPurity" name="test_input_mapping_is_not_mutated" time="0.002" /><testcase classname="tests.test_signal_analysis" name="test_financial_signal_model_roundtrip" time="0.002" /><testcase classname="tests.test_sync_service.TestSuccessfulSync" name="test_full_run_persists_and_records_metadata" time="0.049" /><testcase classname="tests.test_sync_service.TestSuccessfulSync" name="test_rows_written_with_exact_values" time="0.044" /><testcase classname="tests.test_sync_service.TestIdempotency" name="test_running_twice_creates_no_duplicates" time="0.053" /><testcase classname="tests.test_sync_service.TestPartialFailure" name="test_settlement_failure_keeps_committed_payments" time="0.055" /><testcase classname="tests.test_sync_service.TestPartialFailure" name="test_mid_phase_page_failure_keeps_earlier_pages" time="0.045" /><testcase classname="tests.test_sync_service.TestFailureModes" name="test_timeout_in_payments_phase_fails_cleanly" time="0.036" /><testcase classname="tests.test_sync_service.TestFailureModes" name="test_rate_limit_after_retries_recorded" time="0.044" /><testcase classname="tests.test_sync_service.TestEmptyResponses" name="test_empty_pages_yield_success_with_zero_counts" time="0.027" /><testcase classname="tests.test_sync_service.TestPagination" name="test_walks_pages_until_short_page" time="0.042" /><testcase classname="tests.test_sync_service.TestPagination" name="test_paces_between_pages_only" time="0.044" /><testcase classname="tests.test_sync_service.TestPagination" name="test_max_pages_cap_bounds_a_run" time="0.036" /><testcase classname="tests.test_sync_service.TestIncrementalWatermark" name="test_next_run_fetches_from_previous_watermark" time="0.046" /><testcase classname="tests.test_sync_service.TestSecretHygiene" name="test_logs_and_metadata_contain_no_credential_material" time="0.039" /><testcase classname="tests.test_sync_service.TestConstructionGuards" name="test_invalid_configuration_rejected" time="0.014" /><testcase classname="tests.test_sync_service.TestFourResourceSync" name="test_all_four_resources_persist_and_count" time="0.062" /><testcase classname="tests.test_sync_service.TestFourResourceSync" name="test_run_row_records_orders_refunds_counters" time="0.052" /><testcase classname="tests.test_sync_service.TestFourResourceSync" name="test_orders_refunds_are_non_incremental" time="0.600" /><testcase classname="tests.test_sync_service.TestFourResourceSync" name="test_identical_refetch_counts_as_skipped" time="0.063" /><testcase classname="tests.test_sync_service.TestFourResourceSync" name="test_refund_failure_is_partial_failure" time="0.046" /><testcase classname="tests.test_sync_service.TestFourResourceSync" name="test_order_failure_keeps_earlier_phases" time="0.052" /></testsuite></testsuites>